
> trendsiam-frontend@1.0.0 build
> next build

  โ–ฒ Next.js 14.2.31
  - Environments: .env.local

   Creating an optimized production build ...
 โ“ Compiled successfully
   Linting and checking validity of types ...
node.exe : Failed to compile.
At line:1 char:1
+ & "C:\Program Files\nodejs/node.exe" "C:\Program Files\nodejs/node_mo ...
+ ~~~~~~~~~~~~~~~~~~~~~~~~~~~~~~~~~~~~~~~~~~~~~~~~~~~~~~~~~~~~~~~~~~~~~
    + CategoryInfo          : NotSpecified: (Failed to compile.:String) [], RemoteException
    + FullyQualifiedErrorId : NativeCommandError
 

./src/lib/db/types/canonical.ts:309:26
Type error: Property 'publishedDate' does not exist on type 'UiNewsItem'. Did you mean 
'published_date'?

[0m [90m 307 |[39m     video_id[33m:[39m item[33m.[39mvideoId [33m||[39m 
undefined[33m,[39m[0m
[0m [90m 308 |[39m     channel[33m:[39m item[33m.[39mchannelTitle [33m||[39m 
undefined[33m,[39m[0m
[0m[31m[1m>[22m[39m[90m 309 |[39m     published_date[33m:[39m 
item[33m.[39mpublishedDate [33m||[39m undefined[33m,[39m[0m
[0m [90m     |[39m                          [31m[1m^[22m[39m[0m
[0m [90m 310 |[39m     date[33m:[39m item[33m.[39msummaryDate [33m||[39m 
undefined[33m,[39m[0m
[0m [90m 311 |[39m     view_count[33m:[39m item[33m.[39mviews[33m,[39m[0m
[0m [90m 312 |[39m     like_count[33m:[39m item[33m.[39mlikes[33m,[39m[0m
Next.js build worker exited with code: 1 and signal: null
